2019-03-18 14:11:41,848 : WARNING : 박복종료
2019-03-18 14:11:41,854 : ERROR : 에러발생
2019-03-18 14:11:41,854 : CRITICAL : 프로그램 종류
2019-03-18 14:31:35,851 : WARNING : 박복종료
2019-03-18 14:31:35,851 : ERROR : 에러발생
2019-03-18 14:31:35,852 : CRITICAL : 프로그램 종류
2019-03-18 14:34:59,219 : WARNING : 박복종료
2019-03-18 14:34:59,219 : ERROR : 에러발생
2019-03-18 14:34:59,219 : CRITICAL : 프로그램 종류
